// Jest Snapshot v1, https://goo.gl/fbAQLP

exports[`Tests_patients show signup 1`] = `
<div>
  <ForwardRef(Toolbar) />
  <ForwardRef(Box)
    sx={
      Object {
        "display": "flex",
      }
    }
  >
    <ForwardRef(CircularProgress) />
  </ForwardRef(Box)>
</div>
`;
